Basic repo

Crear un nuevo repo en GitHub llamado basic_repo
Done	

Crear un repo local también llamado basic_repo	
Done

Crear algunos archivos dentro de tu repo y agrega algo de contenido en ellos	
Done

Agregar, confirmar y empujar los cambios a GitHub
git init
git add .
$ git commit -m "basic_repo"
[master (root-commit) 3a71134] basic_repo
 3 files changed, 18 insertions(+)
 create mode 100644 basic_repo.txt
 create mode 100644 index.html
 create mode 100644 styles.css

$ git remote add origin https://github.com/guerreroron/basic_repo.git

$ git push https://github.com/guerreroron/basic_repo.git
Enumerating objects: 5, done.
Counting objects: 100% (5/5), done.
Delta compression using up to 4 threads
Compressing objects: 100% (4/4), done.
Writing objects: 100% (5/5), 550 bytes | 137.00 KiB/s, done.
Total 5 (delta 0), reused 0 (delta 0), pack-reused 0
To https://github.com/guerreroron/basic_repo.git
 * [new branch]      master -> master	

Hacer algunos cambios más en la copia local y empujarlos a GitHub	
$ git commit -m "changes in html"
[master 7561a06] changes in html
 1 file changed, 1 insertion(+) 

Ve a tu cuenta de GitHub y mira tu nuevo repo y los cambios que has hecho	
Done

Sube un archivo .txt simple con la descripción de los pasos que tomaste	
Done
